
> poultry-farm-management@0.1.0 build
> prisma generate && next build

Environment variables loaded from .env
Prisma schema loaded from prisma\schema.prisma

✔ Generated Prisma Client (v5.22.0) to .\node_modules\@prisma\client in 366ms

Start by importing your Prisma Client (See: https://pris.ly/d/importing-client)

Tip: Want real-time updates to your database without manual polling? Discover how with Pulse: https://pris.ly/tip-0-pulse

   ▲ Next.js 15.5.21
   - Environments: .env.local, .env
   - Experiments (use with caution):
     · serverActions

   Creating an optimized production build ...
 ✓ Compiled successfully in 6.7s
   Skipping linting
   Checking validity of types ...
Failed to compile.

./src/app/dashboard/parties/toast-redirect.tsx:27:22
Type error: Argument of type 'string' is not assignable to parameter of type 'RouteImpl<string>'.

[0m [90m 25 |[39m     [36mif[39m (searchParams[33m.[39m[36mget[39m([32m'success'[39m) [33m||[39m searchParams[33m.[39m[36mget[39m([32m'error'[39m)) {
 [90m 26 |[39m       [90m// replace with pathname (no search)[39m
[31m[1m>[22m[39m[90m 27 |[39m       router[33m.[39mreplace(pathname [33m||[39m window[33m.[39mlocation[33m.[39mpathname)[33m;[39m
 [90m    |[39m                      [31m[1m^[22m[39m
 [90m 28 |[39m     }
 [90m 29 |[39m   }[33m,[39m [message[33m,[39m pathname[33m,[39m router[33m,[39m searchParams])[33m;[39m
 [90m 30 |[39m[0m
Next.js build worker exited with code: 1 and signal: null
